---
source: src/ui.rs
expression: output
---
 Chats               │╭ Alice ─────────────────────────────────────────────────────────────────────╮
  ? +15550007777 (1) ││[08:00] <Alice> Good morning! How's your day going?                         │
  • ##Family (2)     ││    👍  1                                                                    │
  • Carol (1)        ││● [08:05] <you> Just getting started, coffee in hand                        │
    ##Rust Devs      ││    ❤️  1                                                                    │
    Bob              ││[08:10] <Alice> Nice! I've been up since 6, went for a run                  │
▸   Alice            ││● [08:15] <you> Impressive. I can barely get out of bed before 7            │
    Dave             ││[08:20] <Alice> Ha! It gets easier once you build the habit                 │
                     ││● ╭ Theme ─────────────────────────────────────────╮                        │
                     ││[0│  [*] Default                      ██ ██ ██     │tomatic                 │
                     ││  │  [ ] Catppuccin Mocha             ██ ██ ██     │                        │
                     ││[0│  [ ] Catppuccin Latte             ██ ██ ██     │t too                   │
                     ││✓ │  [ ] Dracula                      ██ ██ ██     │                        │
                     ││[0│  [ ] Nord                         ██ ██ ██     │                        │
                     ││[0│  [ ] Gruvbox Dark                 ██ ██ ██     │/localmarket.example.com│
                     ││  │  [ ] mIRC Dark                    ██ ██ ██     │                        │
                     ││  │  [ ] mIRC Light                   ██ ██ ██     │ry Saturday…            │
                     ││  │                                                │                        │
                     ││○ │                                                │                        │
                     ││✓ │  j/k navigate  |  Enter apply  |  Esc cancel   │owded.                  │
                     ││○ ╰────────────────────────────────────────────────╯                        │
                     ││○ [08:52] <Alice> I'll pick you up at 8:45                                  │
                     ││○ [08:55] <you> (edited) Actually make it 8:30, I want to browse early      │
                     ││[08:57] <Alice> Even better! See you Saturday                               │
                     ││    🎉  1                                                                    │
                     │╰────────────────────────────────────────────────────────────────────────────╯
                     │╭────────────────────────────────────────────────────────────────────────────╮
                     ││  Type a message...                                                         │
                     │╰────────────────────────────────────────────────────────────────────────────╯
 [INSERT] │  ● connected │ Alice │ 7 chats
